// Jest Snapshot v1, https://goo.gl/fbAQLP

exports[`should render admin page edit 1`] = `
<div>
  <div
    className="page-header"
  >
    <div
      className="content-container"
    >
      <h1
        className="page-header__title"
      >
        Edit Expense
      </h1>
    </div>
  </div>
  <div
    className="content-container"
  >
    <ExpenseForm
      expense={
        Object {
          "amount": 20,
          "createdAt": -345600000,
          "description": "credit card",
          "id": "2",
          "note": "",
        }
      }
      onSubmit={[Function]}
    />
    <button
      className="button button-remove"
      onClick={[Function]}
    >
      Remove Expense
    </button>
  </div>
</div>
`;
