// Jest Snapshot v1, https://goo.gl/fbAQLP

exports[`Should render homepage correctly 1`] = `
<div>
  <h1>
    Homepage
  </h1>
  <Connect(ExpenseSummary) />
  <Connect(ExpenseListFilters) />
  <Connect(ExpenseList) />
</div>
`;
