// Jest Snapshot v1, https://goo.gl/fbAQLP

exports[`Should render homepage correctly 1`] = `
<div>
  404 Page
</div>
`;
