// Jest Snapshot v1, https://goo.gl/fbAQLP

exports[`Should render expense list item correctly 1`] = `
<li>
  <Link
    replace={false}
    to="/edit/undefined"
  >
    <h3 />
  </Link>
  <p>
    $0.00
    -
    January 1st, 1970
  </p>
</li>
`;
